// Jest Snapshot v1, https://goo.gl/fbAQLP

exports[`AuthReducer undefined action should return the default state 1`] = `
Object {
  "user": null,
}
`;
